// Jest Snapshot v1, https://goo.gl/fbAQLP

exports[`renders the property with image, agency, and price 1`] = `
<div
  className="Property"
>
  <AgencyBanner
    color="#ffe512"
    logo="http://i1.au.reastatic.net/agencylogo/XRWXMT/12/20120927204448.gif"
  />
  <img
    className="Property-image"
    src="http://i2.au.reastatic.net/640x480/20bfc8668a30e8cabf045a1cd54814a9042fc715a8be683ba196898333d68cec/main.jpg"
  />
  <div
    className="Property-price"
  >
    $726,500
  </div>
</div>
`;
